export const snapshot = {};

snapshot[`isSnapshotMatch 1`] = `
{
  example: 123,
  hello: "world!",
}
`;

snapshot[`isSnapshotMatch 2`] = `
{
  example: 321,
  world: "hello!",
}
`;
